python: can't open file '/home/ronan/Topological-Temporal-GFM/Topological-Temporal-GFM/probs/toper_plus_probs_gen_best.py': [Errno 2] No such file or directory
python: can't open file '/home/ronan/Topological-Temporal-GFM/Topological-Temporal-GFM/probs/toper_plus_probs_gen_best.py': [Errno 2] No such file or directory
True
Using device: cuda
Starting Bayesian Search Phases...
[INFO] USING ALL BACK FOR PROBABILITIES AS A TEST SINCE IM PRETTY SURE THAT ACTUALLY MAKES MORE SENSE
28
INFO: Dataset: CollegeMsg
Link Prediction Decoder loaded from: /mnt/c/users/ronan/downloads/github/Topological-Temporal-GFM/data/input/cached/CollegeMsg/saved_data_gnn_GCN_binary_lr0.001_5back_learnedparams/saved_models/decoder_MLP_1024
Graphs already constructed, continuing for the sake of time
Using device: cpu
[INFO] USING ALL BACK FOR PROBABILITIES AS A TEST SINCE IM PRETTY SURE THAT ACTUALLY MAKES MORE SENSE
INFO: Dataset: CollegeMsg
Link Prediction Decoder loaded from: /mnt/c/users/ronan/downloads/github/Topological-Temporal-GFM/data/input/cached/CollegeMsg/saved_data_gnn_GCNbinary_lr0.001_5back_oobankchanges/saved_models/decoder_MLP_1024
Graphs already constructed, continuing for the sake of time
Traceback (most recent call last):
  File "/mnt/c/users/ronan/downloads/github/Topological-Temporal-GFM/GraphGeneration/scripts/topoGED_benchmarker.py", line 1059, in <module>
    runner.run()
  File "/mnt/c/users/ronan/downloads/github/Topological-Temporal-GFM/GraphGeneration/scripts/topoGED_benchmarker.py", line 971, in run
    self.dataset = pickle.load(f)
                   ^^^^^^^^^^^^^^
_pickle.UnpicklingError: pickle data was truncated
Traceback (most recent call last):
  File "/mnt/c/users/ronan/downloads/github/Topological-Temporal-GFM/GraphGeneration/scripts/topoGED_benchmarker.py", line 1059, in <module>
    runner.run()
  File "/mnt/c/users/ronan/downloads/github/Topological-Temporal-GFM/GraphGeneration/scripts/topoGED_benchmarker.py", line 971, in run
    self.dataset = pickle.load(f)
                   ^^^^^^^^^^^^^^
_pickle.UnpicklingError: pickle data was truncated
Traceback (most recent call last):
  File "/mnt/c/users/ronan/downloads/github/Topological-Temporal-GFM/GraphGeneration/scripts/topoGED_benchmarker.py", line 1059, in <module>
    runner.run()
  File "/mnt/c/users/ronan/downloads/github/Topological-Temporal-GFM/GraphGeneration/scripts/topoGED_benchmarker.py", line 971, in run
    self.dataset = pickle.load(f)
                   ^^^^^^^^^^^^^^
_pickle.UnpicklingError: pickle data was truncated
Traceback (most recent call last):
  File "/mnt/c/users/ronan/downloads/github/Topological-Temporal-GFM/GraphGeneration/scripts/topoGED_benchmarker.py", line 43, in <module>
    from GraphGeneration.models.model import setupMLP, load_encoder_model
  File "/mnt/c/users/ronan/downloads/github/Topological-Temporal-GFM/GraphGeneration/models/model.py", line 4, in <module>
    from GraphGeneration.encoders.TGN.model.tgn import TGN
  File "<frozen importlib._bootstrap>", line 1360, in _find_and_load
  File "<frozen importlib._bootstrap>", line 1322, in _find_and_load_unlocked
  File "<frozen importlib._bootstrap>", line 1262, in _find_spec
  File "<frozen importlib._bootstrap_external>", line 1532, in find_spec
  File "<frozen importlib._bootstrap_external>", line 1506, in _get_spec
  File "<frozen importlib._bootstrap_external>", line 1624, in find_spec
KeyboardInterrupt
